[SrunClient CUGB] ###*** ALREADY ONLINE! ***###
[SrunClient CUGB] ###*** ALREADY ONLINE! ***###
[SrunClient CUGB] ###*** ALREADY ONLINE! ***###
[SrunClient CUGB] ###*** ALREADY ONLINE! ***###
[SrunClient CUGB] ###*** ALREADY ONLINE! ***###
[SrunClient CUGB] ###*** ALREADY ONLINE! ***###
[SrunClient CUGB] ###*** ALREADY ONLINE! ***###
[SrunClient CUGB] ###*** ALREADY ONLINE! ***###
[SrunClient CUGB] ###*** ALREADY ONLINE! ***###
[SrunClient CUGB] ###*** ALREADY ONLINE! ***###
[SrunClient CUGB] ###*** ALREADY ONLINE! ***###
[SrunClient CUGB] ###*** ALREADY ONLINE! ***###
[SrunClient CUGB] ###*** ALREADY ONLINE! ***###
[SrunClient CUGB] ###*** ALREADY ONLINE! ***###
[SrunClient CUGB] ###*** ALREADY ONLINE! ***###
[SrunClient CUGB] ###*** ALREADY ONLINE! ***###
[SrunClient CUGB] ###*** ALREADY ONLINE! ***###
[SrunClient CUGB] ###*** ALREADY ONLINE! ***###
[SrunClient CUGB] ###*** ALREADY ONLINE! ***###
[SrunClient CUGB] ###*** ALREADY ONLINE! ***###
[SrunClient CUGB] ###*** ALREADY ONLINE! ***###
[SrunClient CUGB] ###*** ALREADY ONLINE! ***###
[SrunClient CUGB] ###*** ALREADY ONLINE! ***###
[SrunClient CUGB] ###*** ALREADY ONLINE! ***###
[SrunClient CUGB] ###*** ALREADY ONLINE! ***###
[SrunClient CUGB] ###*** ALREADY ONLINE! ***###
[SrunClient CUGB] ###*** ALREADY ONLINE! ***###
[SrunClient CUGB] ###*** ALREADY ONLINE! ***###
[SrunClient CUGB] ###*** ALREADY ONLINE! ***###
[SrunClient CUGB] ###*** ALREADY ONLINE! ***###
[SrunClient CUGB] ###*** ALREADY ONLINE! ***###
[SrunClient CUGB] ###*** ALREADY ONLINE! ***###
[SrunClient CUGB] ###*** ALREADY ONLINE! ***###
[SrunClient CUGB] ###*** ALREADY ONLINE! ***###
[SrunClient CUGB] ###*** ALREADY ONLINE! ***###
[SrunClient CUGB] ###*** ALREADY ONLINE! ***###
[SrunClient CUGB] ###*** ALREADY ONLINE! ***###
[SrunClient CUGB] ###*** ALREADY ONLINE! ***###
[SrunClient CUGB] ###*** ALREADY ONLINE! ***###
[SrunClient CUGB] ###*** ALREADY ONLINE! ***###
[SrunClient CUGB] ###*** ALREADY ONLINE! ***###
[SrunClient CUGB] ###*** ALREADY ONLINE! ***###
[SrunClient CUGB] ###*** ALREADY ONLINE! ***###
[SrunClient CUGB] ###*** ALREADY ONLINE! ***###
[SrunClient CUGB] ###*** ALREADY ONLINE! ***###
[SrunClient CUGB] ###*** ALREADY ONLINE! ***###
[SrunClient CUGB] ###*** ALREADY ONLINE! ***###
[SrunClient CUGB] ###*** ALREADY ONLINE! ***###
[SrunClient CUGB] ###*** ALREADY ONLINE! ***###
[SrunClient CUGB] ###*** ALREADY ONLINE! ***###
[SrunClient CUGB] ###*** ALREADY ONLINE! ***###
[SrunClient CUGB] ###*** ALREADY ONLINE! ***###
[SrunClient CUGB] ###*** ALREADY ONLINE! ***###
[SrunClient CUGB] ###*** ALREADY ONLINE! ***###
[SrunClient CUGB] ###*** ALREADY ONLINE! ***###
[SrunClient CUGB] ###*** ALREADY ONLINE! ***###
[SrunClient CUGB] ###*** ALREADY ONLINE! ***###
[SrunClient CUGB] ###*** ALREADY ONLINE! ***###
[SrunClient CUGB] ###*** ALREADY ONLINE! ***###
[SrunClient CUGB] ###*** ALREADY ONLINE! ***###
[SrunClient CUGB] ###*** ALREADY ONLINE! ***###
[SrunClient CUGB] ###*** ALREADY ONLINE! ***###
[SrunClient CUGB] ###*** ALREADY ONLINE! ***###
[SrunClient CUGB] ###*** ALREADY ONLINE! ***###
[SrunClient CUGB] ###*** ALREADY ONLINE! ***###
[SrunClient CUGB] ###*** ALREADY ONLINE! ***###
[SrunClient CUGB] ###*** ALREADY ONLINE! ***###
[SrunClient CUGB] ###*** ALREADY ONLINE! ***###
[SrunClient CUGB] ###*** ALREADY ONLINE! ***###
[SrunClient CUGB] ###*** ALREADY ONLINE! ***###
[SrunClient CUGB] ###*** ALREADY ONLINE! ***###
[SrunClient CUGB] ###*** ALREADY ONLINE! ***###
[SrunClient CUGB] ###*** ALREADY ONLINE! ***###
[SrunClient CUGB] ###*** ALREADY ONLINE! ***###
[SrunClient CUGB] ###*** ALREADY ONLINE! ***###
[SrunClient CUGB] ###*** ALREADY ONLINE! ***###
[SrunClient CUGB] ###*** ALREADY ONLINE! ***###
[SrunClient CUGB] ###*** ALREADY ONLINE! ***###
[SrunClient CUGB] ###*** ALREADY ONLINE! ***###
[SrunClient CUGB] ###*** ALREADY ONLINE! ***###
[SrunClient CUGB] ###*** ALREADY ONLINE! ***###
[SrunClient CUGB] ###*** ALREADY ONLINE! ***###
[SrunClient CUGB] ###*** ALREADY ONLINE! ***###
[SrunClient CUGB] ###*** ALREADY ONLINE! ***###
[SrunClient CUGB] ###*** ALREADY ONLINE! ***###
[SrunClient CUGB] ###*** ALREADY ONLINE! ***###
[SrunClient CUGB] ###*** ALREADY ONLINE! ***###
[SrunClient CUGB] ###*** ALREADY ONLINE! ***###
[SrunClient CUGB] ###*** ALREADY ONLINE! ***###
[SrunClient CUGB] ###*** ALREADY ONLINE! ***###
[SrunClient CUGB] ###*** ALREADY ONLINE! ***###
[SrunClient CUGB] ###*** ALREADY ONLINE! ***###
[SrunClient CUGB] ###*** ALREADY ONLINE! ***###
[SrunClient CUGB] ###*** ALREADY ONLINE! ***###
[SrunClient CUGB] ###*** ALREADY ONLINE! ***###
[SrunClient CUGB] ###*** ALREADY ONLINE! ***###
[SrunClient CUGB] ###*** ALREADY ONLINE! ***###
[SrunClient CUGB] ###*** ALREADY ONLINE! ***###
[SrunClient CUGB] ###*** ALREADY ONLINE! ***###
[SrunClient CUGB] ###*** ALREADY ONLINE! ***###
[SrunClient CUGB] ###*** ALREADY ONLINE! ***###
[SrunClient CUGB] ###*** ALREADY ONLINE! ***###
[SrunClient CUGB] ###*** ALREADY ONLINE! ***###
[SrunClient CUGB] ###*** ALREADY ONLINE! ***###
[SrunClient CUGB] ###*** ALREADY ONLINE! ***###
[SrunClient CUGB] ###*** ALREADY ONLINE! ***###
[SrunClient CUGB] ###*** ALREADY ONLINE! ***###
[SrunClient CUGB] ###*** ALREADY ONLINE! ***###
[SrunClient CUGB] ###*** ALREADY ONLINE! ***###
[SrunClient CUGB] ###*** ALREADY ONLINE! ***###
[SrunClient CUGB] ###*** ALREADY ONLINE! ***###
[SrunClient CUGB] ###*** ALREADY ONLINE! ***###
[SrunClient CUGB] ###*** ALREADY ONLINE! ***###
[SrunClient CUGB] ###*** ALREADY ONLINE! ***###
[SrunClient CUGB] ###*** ALREADY ONLINE! ***###
[SrunClient CUGB] ###*** ALREADY ONLINE! ***###
[SrunClient CUGB] ###*** ALREADY ONLINE! ***###
[SrunClient CUGB] ###*** ALREADY ONLINE! ***###
[SrunClient CUGB] ###*** ALREADY ONLINE! ***###
[SrunClient CUGB] ###*** ALREADY ONLINE! ***###
[SrunClient CUGB] ###*** ALREADY ONLINE! ***###
[SrunClient CUGB] ###*** ALREADY ONLINE! ***###
[SrunClient CUGB] ###*** ALREADY ONLINE! ***###
[SrunClient CUGB] ###*** ALREADY ONLINE! ***###
[SrunClient CUGB] ###*** ALREADY ONLINE! ***###
[SrunClient CUGB] ###*** ALREADY ONLINE! ***###
[SrunClient CUGB] ###*** ALREADY ONLINE! ***###
[SrunClient CUGB] ###*** ALREADY ONLINE! ***###
[SrunClient CUGB] ###*** ALREADY ONLINE! ***###
[SrunClient CUGB] ###*** ALREADY ONLINE! ***###
[SrunClient CUGB] ###*** ALREADY ONLINE! ***###
[SrunClient CUGB] ###*** ALREADY ONLINE! ***###
[SrunClient CUGB] ###*** ALREADY ONLINE! ***###
[SrunClient CUGB] ###*** ALREADY ONLINE! ***###
[SrunClient CUGB] ###*** ALREADY ONLINE! ***###
[SrunClient CUGB] ###*** ALREADY ONLINE! ***###
[SrunClient CUGB] ###*** ALREADY ONLINE! ***###
[SrunClient CUGB] ###*** ALREADY ONLINE! ***###
[SrunClient CUGB] ###*** ALREADY ONLINE! ***###
[SrunClient CUGB] ###*** ALREADY ONLINE! ***###
[SrunClient CUGB] ###*** ALREADY ONLINE! ***###
[SrunClient CUGB] ###*** ALREADY ONLINE! ***###
[SrunClient CUGB] ###*** ALREADY ONLINE! ***###
[SrunClient CUGB] ###*** ALREADY ONLINE! ***###
[SrunClient CUGB] ###*** ALREADY ONLINE! ***###
[SrunClient CUGB] ###*** ALREADY ONLINE! ***###
[SrunClient CUGB] ###*** ALREADY ONLINE! ***###
[SrunClient CUGB] ###*** ALREADY ONLINE! ***###
[SrunClient CUGB] ###*** ALREADY ONLINE! ***###
[SrunClient CUGB] ###*** ALREADY ONLINE! ***###
[SrunClient CUGB] ###*** ALREADY ONLINE! ***###
[SrunClient CUGB] ###*** ALREADY ONLINE! ***###
[SrunClient CUGB] ###*** ALREADY ONLINE! ***###
[SrunClient CUGB] ###*** ALREADY ONLINE! ***###
[SrunClient CUGB] ###*** ALREADY ONLINE! ***###
[SrunClient CUGB] ###*** ALREADY ONLINE! ***###
[SrunClient CUGB] ###*** ALREADY ONLINE! ***###
[SrunClient CUGB] ###*** ALREADY ONLINE! ***###
[SrunClient CUGB] ###*** ALREADY ONLINE! ***###
[SrunClient CUGB] ###*** ALREADY ONLINE! ***###
[SrunClient CUGB] ###*** ALREADY ONLINE! ***###
[SrunClient CUGB] ###*** ALREADY ONLINE! ***###
[SrunClient CUGB] ###*** ALREADY ONLINE! ***###
[SrunClient CUGB] ###*** ALREADY ONLINE! ***###
[SrunClient CUGB] ###*** ALREADY ONLINE! ***###
[SrunClient CUGB] ###*** NOT ONLINE! ***###
[SrunClient CUGB] ###*** NOT ONLINE! ***###
[SrunClient CUGB] ###*** LOGIN SUCCESS! ***###
[SrunClient CUGB] login_ok,1961208000,0,0,0,0.0,0,0,0,0,0,1.01.20211105
[SrunClient CUGB] ###*** ONLINE INFORMATION! ***###
================== ONLIN INFORMATION ==================
Username: 2101230113
Login time: 2026-02-14 18:59:57
Now time: 2026-02-14 18:59:57
Used data: 4.0 GB 649.0 MB 404.0 KB 945.0 B
Ip: 192.168.229.116
Balance: 0
=======================================================
[SrunClient CUGB] ###*** ALREADY ONLINE! ***###
[SrunClient CUGB] ###*** ALREADY ONLINE! ***###
[SrunClient CUGB] ###*** ALREADY ONLINE! ***###
[SrunClient CUGB] ###*** ALREADY ONLINE! ***###
[SrunClient CUGB] ###*** ALREADY ONLINE! ***###
[SrunClient CUGB] ###*** ALREADY ONLINE! ***###
[SrunClient CUGB] ###*** ALREADY ONLINE! ***###
[SrunClient CUGB] ###*** ALREADY ONLINE! ***###
[SrunClient CUGB] ###*** ALREADY ONLINE! ***###
[SrunClient CUGB] ###*** ALREADY ONLINE! ***###
[SrunClient CUGB] ###*** ALREADY ONLINE! ***###
[SrunClient CUGB] ###*** ALREADY ONLINE! ***###
[SrunClient CUGB] ###*** ALREADY ONLINE! ***###
[SrunClient CUGB] ###*** ALREADY ONLINE! ***###
[SrunClient CUGB] ###*** ALREADY ONLINE! ***###
[SrunClient CUGB] ###*** ALREADY ONLINE! ***###
[SrunClient CUGB] ###*** ALREADY ONLINE! ***###
[SrunClient CUGB] ###*** ALREADY ONLINE! ***###
[SrunClient CUGB] ###*** ALREADY ONLINE! ***###
[SrunClient CUGB] ###*** ALREADY ONLINE! ***###
[SrunClient CUGB] ###*** ALREADY ONLINE! ***###
[SrunClient CUGB] ###*** ALREADY ONLINE! ***###
[SrunClient CUGB] ###*** ALREADY ONLINE! ***###
[SrunClient CUGB] ###*** ALREADY ONLINE! ***###
[SrunClient CUGB] ###*** ALREADY ONLINE! ***###
[SrunClient CUGB] ###*** ALREADY ONLINE! ***###
[SrunClient CUGB] ###*** ALREADY ONLINE! ***###
[SrunClient CUGB] ###*** ALREADY ONLINE! ***###
[SrunClient CUGB] ###*** ALREADY ONLINE! ***###
[SrunClient CUGB] ###*** ALREADY ONLINE! ***###
[SrunClient CUGB] ###*** ALREADY ONLINE! ***###
[SrunClient CUGB] ###*** ALREADY ONLINE! ***###
[SrunClient CUGB] ###*** ALREADY ONLINE! ***###
[SrunClient CUGB] ###*** ALREADY ONLINE! ***###
[SrunClient CUGB] ###*** ALREADY ONLINE! ***###
[SrunClient CUGB] ###*** ALREADY ONLINE! ***###
[SrunClient CUGB] ###*** ALREADY ONLINE! ***###
[SrunClient CUGB] ###*** ALREADY ONLINE! ***###
[SrunClient CUGB] ###*** ALREADY ONLINE! ***###
[SrunClient CUGB] ###*** ALREADY ONLINE! ***###
[SrunClient CUGB] ###*** ALREADY ONLINE! ***###
[SrunClient CUGB] ###*** ALREADY ONLINE! ***###
[SrunClient CUGB] ###*** ALREADY ONLINE! ***###
[SrunClient CUGB] ###*** ALREADY ONLINE! ***###
[SrunClient CUGB] ###*** ALREADY ONLINE! ***###
[SrunClient CUGB] ###*** ALREADY ONLINE! ***###
[SrunClient CUGB] ###*** ALREADY ONLINE! ***###
[SrunClient CUGB] ###*** ALREADY ONLINE! ***###
[SrunClient CUGB] ###*** ALREADY ONLINE! ***###
[SrunClient CUGB] ###*** ALREADY ONLINE! ***###
[SrunClient CUGB] ###*** ALREADY ONLINE! ***###
[SrunClient CUGB] ###*** ALREADY ONLINE! ***###
[SrunClient CUGB] ###*** ALREADY ONLINE! ***###
[SrunClient CUGB] ###*** ALREADY ONLINE! ***###
[SrunClient CUGB] ###*** ALREADY ONLINE! ***###
[SrunClient CUGB] ###*** ALREADY ONLINE! ***###
[SrunClient CUGB] ###*** ALREADY ONLINE! ***###
[SrunClient CUGB] ###*** ALREADY ONLINE! ***###
[SrunClient CUGB] ###*** ALREADY ONLINE! ***###
[SrunClient CUGB] ###*** ALREADY ONLINE! ***###
[SrunClient CUGB] ###*** ALREADY ONLINE! ***###
[SrunClient CUGB] ###*** ALREADY ONLINE! ***###
[SrunClient CUGB] ###*** ALREADY ONLINE! ***###
[SrunClient CUGB] ###*** ALREADY ONLINE! ***###
[SrunClient CUGB] ###*** ALREADY ONLINE! ***###
[SrunClient CUGB] ###*** ALREADY ONLINE! ***###
[SrunClient CUGB] ###*** ALREADY ONLINE! ***###
[SrunClient CUGB] ###*** ALREADY ONLINE! ***###
[SrunClient CUGB] ###*** ALREADY ONLINE! ***###
[SrunClient CUGB] ###*** ALREADY ONLINE! ***###
[SrunClient CUGB] ###*** ALREADY ONLINE! ***###
[SrunClient CUGB] ###*** ALREADY ONLINE! ***###
[SrunClient CUGB] ###*** ALREADY ONLINE! ***###
[SrunClient CUGB] ###*** ALREADY ONLINE! ***###
[SrunClient CUGB] ###*** ALREADY ONLINE! ***###
[SrunClient CUGB] ###*** ALREADY ONLINE! ***###
[SrunClient CUGB] ###*** ALREADY ONLINE! ***###
[SrunClient CUGB] ###*** ALREADY ONLINE! ***###
[SrunClient CUGB] ###*** ALREADY ONLINE! ***###
[SrunClient CUGB] ###*** ALREADY ONLINE! ***###
[SrunClient CUGB] ###*** ALREADY ONLINE! ***###
[SrunClient CUGB] ###*** ALREADY ONLINE! ***###
[SrunClient CUGB] ###*** ALREADY ONLINE! ***###
[SrunClient CUGB] ###*** ALREADY ONLINE! ***###
[SrunClient CUGB] ###*** ALREADY ONLINE! ***###
[SrunClient CUGB] ###*** ALREADY ONLINE! ***###
[SrunClient CUGB] ###*** ALREADY ONLINE! ***###
[SrunClient CUGB] ###*** ALREADY ONLINE! ***###
[SrunClient CUGB] ###*** ALREADY ONLINE! ***###
[SrunClient CUGB] ###*** ALREADY ONLINE! ***###
[SrunClient CUGB] ###*** ALREADY ONLINE! ***###
[SrunClient CUGB] ###*** ALREADY ONLINE! ***###
[SrunClient CUGB] ###*** ALREADY ONLINE! ***###
[SrunClient CUGB] ###*** ALREADY ONLINE! ***###
[SrunClient CUGB] ###*** ALREADY ONLINE! ***###
[SrunClient CUGB] ###*** ALREADY ONLINE! ***###
[SrunClient CUGB] ###*** ALREADY ONLINE! ***###
[SrunClient CUGB] ###*** ALREADY ONLINE! ***###
[SrunClient CUGB] ###*** ALREADY ONLINE! ***###
[SrunClient CUGB] ###*** ALREADY ONLINE! ***###
[SrunClient CUGB] ###*** ALREADY ONLINE! ***###
[SrunClient CUGB] ###*** ALREADY ONLINE! ***###
[SrunClient CUGB] ###*** ALREADY ONLINE! ***###
[SrunClient CUGB] ###*** ALREADY ONLINE! ***###
[SrunClient CUGB] ###*** ALREADY ONLINE! ***###
[SrunClient CUGB] ###*** ALREADY ONLINE! ***###
[SrunClient CUGB] ###*** ALREADY ONLINE! ***###
[SrunClient CUGB] ###*** ALREADY ONLINE! ***###
[SrunClient CUGB] ###*** ALREADY ONLINE! ***###
[SrunClient CUGB] ###*** ALREADY ONLINE! ***###
[SrunClient CUGB] ###*** ALREADY ONLINE! ***###
[SrunClient CUGB] ###*** ALREADY ONLINE! ***###
[SrunClient CUGB] ###*** ALREADY ONLINE! ***###
[SrunClient CUGB] ###*** ALREADY ONLINE! ***###
[SrunClient CUGB] ###*** ALREADY ONLINE! ***###
[SrunClient CUGB] ###*** ALREADY ONLINE! ***###
[SrunClient CUGB] ###*** ALREADY ONLINE! ***###
[SrunClient CUGB] ###*** ALREADY ONLINE! ***###
[SrunClient CUGB] ###*** ALREADY ONLINE! ***###
[SrunClient CUGB] ###*** ALREADY ONLINE! ***###
[SrunClient CUGB] ###*** ALREADY ONLINE! ***###
[SrunClient CUGB] ###*** ALREADY ONLINE! ***###
[SrunClient CUGB] ###*** ALREADY ONLINE! ***###
[SrunClient CUGB] ###*** ALREADY ONLINE! ***###
[SrunClient CUGB] ###*** ALREADY ONLINE! ***###
[SrunClient CUGB] ###*** ALREADY ONLINE! ***###
[SrunClient CUGB] ###*** ALREADY ONLINE! ***###
[SrunClient CUGB] ###*** ALREADY ONLINE! ***###
[SrunClient CUGB] ###*** ALREADY ONLINE! ***###
[SrunClient CUGB] ###*** ALREADY ONLINE! ***###
[SrunClient CUGB] ###*** ALREADY ONLINE! ***###
[SrunClient CUGB] ###*** ALREADY ONLINE! ***###
[SrunClient CUGB] ###*** ALREADY ONLINE! ***###
[SrunClient CUGB] ###*** ALREADY ONLINE! ***###
[SrunClient CUGB] ###*** ALREADY ONLINE! ***###
[SrunClient CUGB] ###*** ALREADY ONLINE! ***###
[SrunClient CUGB] ###*** ALREADY ONLINE! ***###
[SrunClient CUGB] ###*** ALREADY ONLINE! ***###
[SrunClient CUGB] ###*** ALREADY ONLINE! ***###
[SrunClient CUGB] ###*** ALREADY ONLINE! ***###
[SrunClient CUGB] ###*** ALREADY ONLINE! ***###
[SrunClient CUGB] ###*** ALREADY ONLINE! ***###
[SrunClient CUGB] ###*** ALREADY ONLINE! ***###
[SrunClient CUGB] ###*** ALREADY ONLINE! ***###
[SrunClient CUGB] ###*** ALREADY ONLINE! ***###
[SrunClient CUGB] ###*** ALREADY ONLINE! ***###
[SrunClient CUGB] ###*** ALREADY ONLINE! ***###
[SrunClient CUGB] ###*** ALREADY ONLINE! ***###
[SrunClient CUGB] ###*** ALREADY ONLINE! ***###
[SrunClient CUGB] ###*** ALREADY ONLINE! ***###
[SrunClient CUGB] ###*** ALREADY ONLINE! ***###
[SrunClient CUGB] ###*** ALREADY ONLINE! ***###
[SrunClient CUGB] ###*** ALREADY ONLINE! ***###
[SrunClient CUGB] ###*** ALREADY ONLINE! ***###
[SrunClient CUGB] ###*** ALREADY ONLINE! ***###
[SrunClient CUGB] ###*** ALREADY ONLINE! ***###
[SrunClient CUGB] ###*** ALREADY ONLINE! ***###
[SrunClient CUGB] ###*** ALREADY ONLINE! ***###
[SrunClient CUGB] ###*** ALREADY ONLINE! ***###
[SrunClient CUGB] ###*** ALREADY ONLINE! ***###
[SrunClient CUGB] ###*** ALREADY ONLINE! ***###
[SrunClient CUGB] ###*** ALREADY ONLINE! ***###
[SrunClient CUGB] ###*** ALREADY ONLINE! ***###
[SrunClient CUGB] ###*** ALREADY ONLINE! ***###
[SrunClient CUGB] ###*** ALREADY ONLINE! ***###
[SrunClient CUGB] ###*** ALREADY ONLINE! ***###
[SrunClient CUGB] ###*** ALREADY ONLINE! ***###
[SrunClient CUGB] ###*** ALREADY ONLINE! ***###
[SrunClient CUGB] ###*** ALREADY ONLINE! ***###
[SrunClient CUGB] ###*** ALREADY ONLINE! ***###
[SrunClient CUGB] ###*** ALREADY ONLINE! ***###
[SrunClient CUGB] ###*** ALREADY ONLINE! ***###
[SrunClient CUGB] ###*** ALREADY ONLINE! ***###
[SrunClient CUGB] ###*** ALREADY ONLINE! ***###
[SrunClient CUGB] ###*** ALREADY ONLINE! ***###
[SrunClient CUGB] ###*** ALREADY ONLINE! ***###
[SrunClient CUGB] ###*** ALREADY ONLINE! ***###
[SrunClient CUGB] ###*** ALREADY ONLINE! ***###
[SrunClient CUGB] ###*** ALREADY ONLINE! ***###
[SrunClient CUGB] ###*** ALREADY ONLINE! ***###
[SrunClient CUGB] ###*** ALREADY ONLINE! ***###
[SrunClient CUGB] ###*** ALREADY ONLINE! ***###
[SrunClient CUGB] ###*** ALREADY ONLINE! ***###
[SrunClient CUGB] ###*** ALREADY ONLINE! ***###
[SrunClient CUGB] ###*** ALREADY ONLINE! ***###
[SrunClient CUGB] ###*** ALREADY ONLINE! ***###
[SrunClient CUGB] ###*** ALREADY ONLINE! ***###
[SrunClient CUGB] ###*** ALREADY ONLINE! ***###
[SrunClient CUGB] ###*** ALREADY ONLINE! ***###
[SrunClient CUGB] ###*** ALREADY ONLINE! ***###
[SrunClient CUGB] ###*** ALREADY ONLINE! ***###
[SrunClient CUGB] ###*** ALREADY ONLINE! ***###
[SrunClient CUGB] ###*** ALREADY ONLINE! ***###
[SrunClient CUGB] ###*** ALREADY ONLINE! ***###
[SrunClient CUGB] ###*** ALREADY ONLINE! ***###
[SrunClient CUGB] ###*** ALREADY ONLINE! ***###
[SrunClient CUGB] ###*** ALREADY ONLINE! ***###
[SrunClient CUGB] ###*** ALREADY ONLINE! ***###
[SrunClient CUGB] ###*** ALREADY ONLINE! ***###
[SrunClient CUGB] ###*** ALREADY ONLINE! ***###
[SrunClient CUGB] ###*** ALREADY ONLINE! ***###
[SrunClient CUGB] ###*** ALREADY ONLINE! ***###
[SrunClient CUGB] ###*** ALREADY ONLINE! ***###
[SrunClient CUGB] ###*** ALREADY ONLINE! ***###
[SrunClient CUGB] ###*** ALREADY ONLINE! ***###
[SrunClient CUGB] ###*** ALREADY ONLINE! ***###
[SrunClient CUGB] ###*** ALREADY ONLINE! ***###
[SrunClient CUGB] ###*** ALREADY ONLINE! ***###
[SrunClient CUGB] ###*** ALREADY ONLINE! ***###
[SrunClient CUGB] ###*** ALREADY ONLINE! ***###
[SrunClient CUGB] ###*** ALREADY ONLINE! ***###
[SrunClient CUGB] ###*** ALREADY ONLINE! ***###
[SrunClient CUGB] ###*** ALREADY ONLINE! ***###
[SrunClient CUGB] ###*** ALREADY ONLINE! ***###
[SrunClient CUGB] ###*** ALREADY ONLINE! ***###
[SrunClient CUGB] ###*** ALREADY ONLINE! ***###
[SrunClient CUGB] ###*** ALREADY ONLINE! ***###
[SrunClient CUGB] ###*** ALREADY ONLINE! ***###
[SrunClient CUGB] ###*** ALREADY ONLINE! ***###
[SrunClient CUGB] ###*** ALREADY ONLINE! ***###
[SrunClient CUGB] ###*** ALREADY ONLINE! ***###
[SrunClient CUGB] ###*** ALREADY ONLINE! ***###
[SrunClient CUGB] ###*** ALREADY ONLINE! ***###
[SrunClient CUGB] ###*** ALREADY ONLINE! ***###
[SrunClient CUGB] ###*** ALREADY ONLINE! ***###
[SrunClient CUGB] ###*** ALREADY ONLINE! ***###
[SrunClient CUGB] ###*** ALREADY ONLINE! ***###
[SrunClient CUGB] ###*** ALREADY ONLINE! ***###
[SrunClient CUGB] ###*** ALREADY ONLINE! ***###
[SrunClient CUGB] ###*** ALREADY ONLINE! ***###
[SrunClient CUGB] ###*** ALREADY ONLINE! ***###
[SrunClient CUGB] ###*** ALREADY ONLINE! ***###
[SrunClient CUGB] ###*** ALREADY ONLINE! ***###
[SrunClient CUGB] ###*** ALREADY ONLINE! ***###
[SrunClient CUGB] ###*** ALREADY ONLINE! ***###
[SrunClient CUGB] ###*** ALREADY ONLINE! ***###
[SrunClient CUGB] ###*** ALREADY ONLINE! ***###
[SrunClient CUGB] ###*** ALREADY ONLINE! ***###
[SrunClient CUGB] ###*** ALREADY ONLINE! ***###
[SrunClient CUGB] ###*** ALREADY ONLINE! ***###
[SrunClient CUGB] ###*** ALREADY ONLINE! ***###
[SrunClient CUGB] ###*** ALREADY ONLINE! ***###
[SrunClient CUGB] ###*** ALREADY ONLINE! ***###
[SrunClient CUGB] ###*** ALREADY ONLINE! ***###
[SrunClient CUGB] ###*** ALREADY ONLINE! ***###
[SrunClient CUGB] ###*** ALREADY ONLINE! ***###
[SrunClient CUGB] ###*** ALREADY ONLINE! ***###
[SrunClient CUGB] ###*** ALREADY ONLINE! ***###
[SrunClient CUGB] ###*** ALREADY ONLINE! ***###
[SrunClient CUGB] ###*** ALREADY ONLINE! ***###
[SrunClient CUGB] ###*** ALREADY ONLINE! ***###
[SrunClient CUGB] ###*** ALREADY ONLINE! ***###
[SrunClient CUGB] ###*** ALREADY ONLINE! ***###
[SrunClient CUGB] ###*** ALREADY ONLINE! ***###
[SrunClient CUGB] ###*** ALREADY ONLINE! ***###
[SrunClient CUGB] ###*** ALREADY ONLINE! ***###
[SrunClient CUGB] ###*** ALREADY ONLINE! ***###
[SrunClient CUGB] ###*** ALREADY ONLINE! ***###
[SrunClient CUGB] ###*** NOT ONLINE! ***###
[SrunClient CUGB] ###*** NOT ONLINE! ***###
[SrunClient CUGB] ###*** LOGIN SUCCESS! ***###
[SrunClient CUGB] login_ok,1961208000,0,0,0,0.0,0,0,0,0,0,1.01.20211105
[SrunClient CUGB] ###*** ONLINE INFORMATION! ***###
================== ONLIN INFORMATION ==================
Username: 2101230113
Login time: 2026-02-25 13:59:58
Now time: 2026-02-25 13:59:58
Used data: 7.0 GB 908.0 MB 833.0 KB 321.0 B
Ip: 192.168.229.116
Balance: 0
=======================================================
[SrunClient CUGB] ###*** ALREADY ONLINE! ***###
[SrunClient CUGB] ###*** ALREADY ONLINE! ***###
[SrunClient CUGB] ###*** ALREADY ONLINE! ***###
[SrunClient CUGB] ###*** ALREADY ONLINE! ***###
[SrunClient CUGB] ###*** ALREADY ONLINE! ***###
[SrunClient CUGB] ###*** NOT ONLINE! ***###
[SrunClient CUGB] ###*** NOT ONLINE! ***###
[SrunClient CUGB] ###*** LOGIN SUCCESS! ***###
[SrunClient CUGB] login_ok,1961208000,0,0,0,0.0,0,0,0,0,0,1.01.20211105
[SrunClient CUGB] ###*** ONLINE INFORMATION! ***###
================== ONLIN INFORMATION ==================
Username: 2101230113
Login time: 2026-02-25 19:59:56
Now time: 2026-02-25 19:59:56
Used data: 7.0 GB 913.0 MB 607.0 KB 582.0 B
Ip: 192.168.229.116
Balance: 0
=======================================================
[SrunClient CUGB] ###*** ALREADY ONLINE! ***###
[SrunClient CUGB] ###*** ALREADY ONLINE! ***###
[SrunClient CUGB] ###*** NOT ONLINE! ***###
[SrunClient CUGB] ###*** NOT ONLINE! ***###
[SrunClient CUGB] ###*** LOGIN SUCCESS! ***###
[SrunClient CUGB] login_ok,1961208000,0,0,0,0.0,0,0,0,0,0,1.01.20211105
[SrunClient CUGB] ###*** ONLINE INFORMATION! ***###
================== ONLIN INFORMATION ==================
Username: 2101230113
Login time: 2026-02-25 22:59:56
Now time: 2026-02-25 22:59:56
Used data: 7.0 GB 915.0 MB 34.0 KB 141.0 B
Ip: 192.168.229.116
Balance: 0
=======================================================
[SrunClient CUGB] ###*** ALREADY ONLINE! ***###
[SrunClient CUGB] ###*** ALREADY ONLINE! ***###
[SrunClient CUGB] ###*** ALREADY ONLINE! ***###
[SrunClient CUGB] ###*** ALREADY ONLINE! ***###
[SrunClient CUGB] ###*** ALREADY ONLINE! ***###
[SrunClient CUGB] ###*** ALREADY ONLINE! ***###
[SrunClient CUGB] ###*** ALREADY ONLINE! ***###
[SrunClient CUGB] ###*** ALREADY ONLINE! ***###
[SrunClient CUGB] ###*** ALREADY ONLINE! ***###
[SrunClient CUGB] ###*** ALREADY ONLINE! ***###
[SrunClient CUGB] ###*** ALREADY ONLINE! ***###
[SrunClient CUGB] ###*** ALREADY ONLINE! ***###
[SrunClient CUGB] ###*** ALREADY ONLINE! ***###
[SrunClient CUGB] ###*** ALREADY ONLINE! ***###
[SrunClient CUGB] ###*** ALREADY ONLINE! ***###
[SrunClient CUGB] ###*** ALREADY ONLINE! ***###
[SrunClient CUGB] ###*** ALREADY ONLINE! ***###
[SrunClient CUGB] ###*** ALREADY ONLINE! ***###
[SrunClient CUGB] ###*** ALREADY ONLINE! ***###
[SrunClient CUGB] ###*** ALREADY ONLINE! ***###
[SrunClient CUGB] ###*** ALREADY ONLINE! ***###
[SrunClient CUGB] ###*** ALREADY ONLINE! ***###
[SrunClient CUGB] ###*** ALREADY ONLINE! ***###
[SrunClient CUGB] ###*** ALREADY ONLINE! ***###
[SrunClient CUGB] ###*** ALREADY ONLINE! ***###
[SrunClient CUGB] ###*** ALREADY ONLINE! ***###
[SrunClient CUGB] ###*** ALREADY ONLINE! ***###
[SrunClient CUGB] ###*** ALREADY ONLINE! ***###
[SrunClient CUGB] ###*** ALREADY ONLINE! ***###
[SrunClient CUGB] ###*** ALREADY ONLINE! ***###
[SrunClient CUGB] ###*** ALREADY ONLINE! ***###
[SrunClient CUGB] ###*** ALREADY ONLINE! ***###
[SrunClient CUGB] ###*** ALREADY ONLINE! ***###
[SrunClient CUGB] ###*** ALREADY ONLINE! ***###
[SrunClient CUGB] ###*** ALREADY ONLINE! ***###
[SrunClient CUGB] ###*** ALREADY ONLINE! ***###
[SrunClient CUGB] ###*** ALREADY ONLINE! ***###
[SrunClient CUGB] ###*** ALREADY ONLINE! ***###
[SrunClient CUGB] ###*** ALREADY ONLINE! ***###
[SrunClient CUGB] ###*** ALREADY ONLINE! ***###
[SrunClient CUGB] ###*** ALREADY ONLINE! ***###
[SrunClient CUGB] ###*** ALREADY ONLINE! ***###
[SrunClient CUGB] ###*** ALREADY ONLINE! ***###
[SrunClient CUGB] ###*** ALREADY ONLINE! ***###
[SrunClient CUGB] ###*** ALREADY ONLINE! ***###
[SrunClient CUGB] ###*** ALREADY ONLINE! ***###
[SrunClient CUGB] ###*** ALREADY ONLINE! ***###
[SrunClient CUGB] ###*** ALREADY ONLINE! ***###
[SrunClient CUGB] ###*** ALREADY ONLINE! ***###
[SrunClient CUGB] ###*** ALREADY ONLINE! ***###
[SrunClient CUGB] ###*** ALREADY ONLINE! ***###
[SrunClient CUGB] ###*** ALREADY ONLINE! ***###
[SrunClient CUGB] ###*** ALREADY ONLINE! ***###
[SrunClient CUGB] ###*** ALREADY ONLINE! ***###
[SrunClient CUGB] ###*** ALREADY ONLINE! ***###
[SrunClient CUGB] ###*** NOT ONLINE! ***###
[SrunClient CUGB] ###*** NOT ONLINE! ***###
[SrunClient CUGB] ###*** LOGIN SUCCESS! ***###
[SrunClient CUGB] login_ok,1961208000,0,0,0,0.0,0,0,0,0,0,1.01.20211105
[SrunClient CUGB] ###*** ONLINE INFORMATION! ***###
================== ONLIN INFORMATION ==================
Username: 2101230113
Login time: 2026-02-28 06:59:54
Now time: 2026-02-28 06:59:54
Used data: 8.0 GB 36.0 MB 748.0 KB 847.0 B
Ip: 192.168.229.116
Balance: 0
=======================================================
[SrunClient CUGB] ###*** ALREADY ONLINE! ***###
[SrunClient CUGB] ###*** ALREADY ONLINE! ***###
[SrunClient CUGB] ###*** ALREADY ONLINE! ***###
[SrunClient CUGB] ###*** ALREADY ONLINE! ***###
[SrunClient CUGB] ###*** ALREADY ONLINE! ***###
[SrunClient CUGB] ###*** ALREADY ONLINE! ***###
[SrunClient CUGB] ###*** ALREADY ONLINE! ***###
[SrunClient CUGB] ###*** ALREADY ONLINE! ***###
[SrunClient CUGB] ###*** ALREADY ONLINE! ***###
[SrunClient CUGB] ###*** ALREADY ONLINE! ***###
[SrunClient CUGB] ###*** ALREADY ONLINE! ***###
[SrunClient CUGB] ###*** ALREADY ONLINE! ***###
[SrunClient CUGB] ###*** ALREADY ONLINE! ***###
[SrunClient CUGB] ###*** ALREADY ONLINE! ***###
[SrunClient CUGB] ###*** ALREADY ONLINE! ***###
[SrunClient CUGB] ###*** ALREADY ONLINE! ***###
[SrunClient CUGB] ###*** ALREADY ONLINE! ***###
[SrunClient CUGB] ###*** ALREADY ONLINE! ***###
[SrunClient CUGB] ###*** ALREADY ONLINE! ***###
[SrunClient CUGB] ###*** ALREADY ONLINE! ***###
[SrunClient CUGB] ###*** NOT ONLINE! ***###
[SrunClient CUGB] ###*** NOT ONLINE! ***###
[SrunClient CUGB] ###*** LOGIN SUCCESS! ***###
[SrunClient CUGB] login_ok,1961208000,0,0,0,0.0,0,0,0,0,0,1.01.20211105
[SrunClient CUGB] ###*** ONLINE INFORMATION! ***###
================== ONLIN INFORMATION ==================
Username: 2101230113
Login time: 2026-03-01 03:59:46
Now time: 2026-03-01 03:59:46
Used data: 0 GB 0 MB 148.0 KB 116.0 B
Ip: 192.168.229.116
Balance: 0
=======================================================
[SrunClient CUGB] ###*** ALREADY ONLINE! ***###
[SrunClient CUGB] ###*** ALREADY ONLINE! ***###
[SrunClient CUGB] ###*** ALREADY ONLINE! ***###
[SrunClient CUGB] ###*** ALREADY ONLINE! ***###
[SrunClient CUGB] ###*** ALREADY ONLINE! ***###
[SrunClient CUGB] ###*** ALREADY ONLINE! ***###
[SrunClient CUGB] ###*** ALREADY ONLINE! ***###
[SrunClient CUGB] ###*** ALREADY ONLINE! ***###
[SrunClient CUGB] ###*** ALREADY ONLINE! ***###
[SrunClient CUGB] ###*** ALREADY ONLINE! ***###
[SrunClient CUGB] ###*** ALREADY ONLINE! ***###
[SrunClient CUGB] ###*** ALREADY ONLINE! ***###
[SrunClient CUGB] ###*** ALREADY ONLINE! ***###
[SrunClient CUGB] ###*** ALREADY ONLINE! ***###
[SrunClient CUGB] ###*** ALREADY ONLINE! ***###
[SrunClient CUGB] ###*** ALREADY ONLINE! ***###
[SrunClient CUGB] ###*** ALREADY ONLINE! ***###
[SrunClient CUGB] ###*** ALREADY ONLINE! ***###
[SrunClient CUGB] ###*** ALREADY ONLINE! ***###
[SrunClient CUGB] ###*** ALREADY ONLINE! ***###
[SrunClient CUGB] ###*** ALREADY ONLINE! ***###
[SrunClient CUGB] ###*** ALREADY ONLINE! ***###
[SrunClient CUGB] ###*** ALREADY ONLINE! ***###
[SrunClient CUGB] ###*** ALREADY ONLINE! ***###
[SrunClient CUGB] ###*** ALREADY ONLINE! ***###
[SrunClient CUGB] ###*** ALREADY ONLINE! ***###
[SrunClient CUGB] ###*** ALREADY ONLINE! ***###
[SrunClient CUGB] ###*** ALREADY ONLINE! ***###
[SrunClient CUGB] ###*** ALREADY ONLINE! ***###
[SrunClient CUGB] ###*** ALREADY ONLINE! ***###
[SrunClient CUGB] ###*** ALREADY ONLINE! ***###
[SrunClient CUGB] ###*** ALREADY ONLINE! ***###
[SrunClient CUGB] ###*** ALREADY ONLINE! ***###
[SrunClient CUGB] ###*** ALREADY ONLINE! ***###
[SrunClient CUGB] ###*** ALREADY ONLINE! ***###
[SrunClient CUGB] ###*** ALREADY ONLINE! ***###
[SrunClient CUGB] ###*** ALREADY ONLINE! ***###
[SrunClient CUGB] ###*** ALREADY ONLINE! ***###
[SrunClient CUGB] ###*** ALREADY ONLINE! ***###
[SrunClient CUGB] ###*** ALREADY ONLINE! ***###
[SrunClient CUGB] ###*** ALREADY ONLINE! ***###
[SrunClient CUGB] ###*** ALREADY ONLINE! ***###
[SrunClient CUGB] ###*** ALREADY ONLINE! ***###
[SrunClient CUGB] ###*** ALREADY ONLINE! ***###
[SrunClient CUGB] ###*** ALREADY ONLINE! ***###
[SrunClient CUGB] ###*** ALREADY ONLINE! ***###
[SrunClient CUGB] ###*** ALREADY ONLINE! ***###
[SrunClient CUGB] ###*** ALREADY ONLINE! ***###
[SrunClient CUGB] ###*** ALREADY ONLINE! ***###
[SrunClient CUGB] ###*** ALREADY ONLINE! ***###
[SrunClient CUGB] ###*** ALREADY ONLINE! ***###
[SrunClient CUGB] ###*** ALREADY ONLINE! ***###
[SrunClient CUGB] ###*** ALREADY ONLINE! ***###
[SrunClient CUGB] ###*** ALREADY ONLINE! ***###
[SrunClient CUGB] ###*** ALREADY ONLINE! ***###
[SrunClient CUGB] ###*** ALREADY ONLINE! ***###
[SrunClient CUGB] ###*** ALREADY ONLINE! ***###
[SrunClient CUGB] ###*** ALREADY ONLINE! ***###
[SrunClient CUGB] ###*** ALREADY ONLINE! ***###
[SrunClient CUGB] ###*** ALREADY ONLINE! ***###
[SrunClient CUGB] ###*** ALREADY ONLINE! ***###
[SrunClient CUGB] ###*** ALREADY ONLINE! ***###
[SrunClient CUGB] ###*** ALREADY ONLINE! ***###
[SrunClient CUGB] ###*** ALREADY ONLINE! ***###
[SrunClient CUGB] ###*** ALREADY ONLINE! ***###
[SrunClient CUGB] ###*** ALREADY ONLINE! ***###
[SrunClient CUGB] ###*** ALREADY ONLINE! ***###
[SrunClient CUGB] ###*** ALREADY ONLINE! ***###
[SrunClient CUGB] ###*** ALREADY ONLINE! ***###
[SrunClient CUGB] ###*** ALREADY ONLINE! ***###
[SrunClient CUGB] ###*** ALREADY ONLINE! ***###
[SrunClient CUGB] ###*** ALREADY ONLINE! ***###
[SrunClient CUGB] ###*** ALREADY ONLINE! ***###
[SrunClient CUGB] ###*** ALREADY ONLINE! ***###
[SrunClient CUGB] ###*** ALREADY ONLINE! ***###
[SrunClient CUGB] ###*** ALREADY ONLINE! ***###
[SrunClient CUGB] ###*** ALREADY ONLINE! ***###
[SrunClient CUGB] ###*** ALREADY ONLINE! ***###
[SrunClient CUGB] ###*** ALREADY ONLINE! ***###
[SrunClient CUGB] ###*** ALREADY ONLINE! ***###
[SrunClient CUGB] ###*** ALREADY ONLINE! ***###
[SrunClient CUGB] ###*** ALREADY ONLINE! ***###
[SrunClient CUGB] ###*** ALREADY ONLINE! ***###
[SrunClient CUGB] ###*** ALREADY ONLINE! ***###
[SrunClient CUGB] ###*** ALREADY ONLINE! ***###
[SrunClient CUGB] ###*** ALREADY ONLINE! ***###
[SrunClient CUGB] ###*** ALREADY ONLINE! ***###
[SrunClient CUGB] ###*** ALREADY ONLINE! ***###
[SrunClient CUGB] ###*** ALREADY ONLINE! ***###
[SrunClient CUGB] ###*** ALREADY ONLINE! ***###
[SrunClient CUGB] ###*** ALREADY ONLINE! ***###
[SrunClient CUGB] ###*** ALREADY ONLINE! ***###
[SrunClient CUGB] ###*** ALREADY ONLINE! ***###
[SrunClient CUGB] ###*** ALREADY ONLINE! ***###
[SrunClient CUGB] ###*** ALREADY ONLINE! ***###
[SrunClient CUGB] ###*** ALREADY ONLINE! ***###
[SrunClient CUGB] ###*** ALREADY ONLINE! ***###
[SrunClient CUGB] ###*** ALREADY ONLINE! ***###
[SrunClient CUGB] ###*** ALREADY ONLINE! ***###
[SrunClient CUGB] ###*** ALREADY ONLINE! ***###
[SrunClient CUGB] ###*** ALREADY ONLINE! ***###
[SrunClient CUGB] ###*** ALREADY ONLINE! ***###
[SrunClient CUGB] ###*** ALREADY ONLINE! ***###
[SrunClient CUGB] ###*** ALREADY ONLINE! ***###
[SrunClient CUGB] ###*** ALREADY ONLINE! ***###
[SrunClient CUGB] ###*** ALREADY ONLINE! ***###
[SrunClient CUGB] ###*** ALREADY ONLINE! ***###
[SrunClient CUGB] ###*** ALREADY ONLINE! ***###
[SrunClient CUGB] ###*** ALREADY ONLINE! ***###
[SrunClient CUGB] ###*** ALREADY ONLINE! ***###
[SrunClient CUGB] ###*** ALREADY ONLINE! ***###
[SrunClient CUGB] ###*** ALREADY ONLINE! ***###
[SrunClient CUGB] ###*** ALREADY ONLINE! ***###
[SrunClient CUGB] ###*** ALREADY ONLINE! ***###
[SrunClient CUGB] ###*** ALREADY ONLINE! ***###
[SrunClient CUGB] ###*** ALREADY ONLINE! ***###
[SrunClient CUGB] ###*** ALREADY ONLINE! ***###
[SrunClient CUGB] ###*** ALREADY ONLINE! ***###
[SrunClient CUGB] ###*** ALREADY ONLINE! ***###
[SrunClient CUGB] ###*** ALREADY ONLINE! ***###
[SrunClient CUGB] ###*** ALREADY ONLINE! ***###
[SrunClient CUGB] ###*** ALREADY ONLINE! ***###
[SrunClient CUGB] ###*** ALREADY ONLINE! ***###
[SrunClient CUGB] ###*** ALREADY ONLINE! ***###
[SrunClient CUGB] ###*** ALREADY ONLINE! ***###
[SrunClient CUGB] ###*** ALREADY ONLINE! ***###
[SrunClient CUGB] ###*** ALREADY ONLINE! ***###
[SrunClient CUGB] ###*** ALREADY ONLINE! ***###
[SrunClient CUGB] ###*** ALREADY ONLINE! ***###
[SrunClient CUGB] ###*** ALREADY ONLINE! ***###
[SrunClient CUGB] ###*** ALREADY ONLINE! ***###
[SrunClient CUGB] ###*** ALREADY ONLINE! ***###
[SrunClient CUGB] ###*** ALREADY ONLINE! ***###
[SrunClient CUGB] ###*** NOT ONLINE! ***###
[SrunClient CUGB] ###*** NOT ONLINE! ***###
[SrunClient CUGB] ###*** LOGIN SUCCESS! ***###
[SrunClient CUGB] login_ok,1961208000,0,0,0,0.0,0,0,0,0,0,1.01.20211105
[SrunClient CUGB] ###*** ONLINE INFORMATION! ***###
================== ONLIN INFORMATION ==================
Username: 2101230113
Login time: 2026-03-06 17:59:57
Now time: 2026-03-06 17:59:57
Used data: 9.0 GB 932.0 MB 897.0 KB 573.0 B
Ip: 192.168.229.116
Balance: 0
=======================================================
[SrunClient CUGB] ###*** ALREADY ONLINE! ***###
[SrunClient CUGB] ###*** ALREADY ONLINE! ***###
[SrunClient CUGB] ###*** ALREADY ONLINE! ***###
[SrunClient CUGB] ###*** ALREADY ONLINE! ***###
[SrunClient CUGB] ###*** ALREADY ONLINE! ***###
[SrunClient CUGB] ###*** ALREADY ONLINE! ***###
[SrunClient CUGB] ###*** ALREADY ONLINE! ***###
[SrunClient CUGB] ###*** ALREADY ONLINE! ***###
[SrunClient CUGB] ###*** ALREADY ONLINE! ***###
[SrunClient CUGB] ###*** ALREADY ONLINE! ***###
[SrunClient CUGB] ###*** ALREADY ONLINE! ***###
[SrunClient CUGB] ###*** ALREADY ONLINE! ***###
[SrunClient CUGB] ###*** ALREADY ONLINE! ***###
[SrunClient CUGB] ###*** ALREADY ONLINE! ***###
[SrunClient CUGB] ###*** ALREADY ONLINE! ***###
[SrunClient CUGB] ###*** ALREADY ONLINE! ***###
[SrunClient CUGB] ###*** ALREADY ONLINE! ***###
[SrunClient CUGB] ###*** ALREADY ONLINE! ***###
[SrunClient CUGB] ###*** ALREADY ONLINE! ***###
[SrunClient CUGB] ###*** ALREADY ONLINE! ***###
[SrunClient CUGB] ###*** ALREADY ONLINE! ***###
[SrunClient CUGB] ###*** ALREADY ONLINE! ***###
[SrunClient CUGB] ###*** ALREADY ONLINE! ***###
[SrunClient CUGB] ###*** ALREADY ONLINE! ***###
[SrunClient CUGB] ###*** ALREADY ONLINE! ***###
[SrunClient CUGB] ###*** ALREADY ONLINE! ***###
[SrunClient CUGB] ###*** ALREADY ONLINE! ***###
[SrunClient CUGB] ###*** ALREADY ONLINE! ***###
[SrunClient CUGB] ###*** ALREADY ONLINE! ***###
[SrunClient CUGB] ###*** ALREADY ONLINE! ***###
[SrunClient CUGB] ###*** ALREADY ONLINE! ***###
[SrunClient CUGB] ###*** ALREADY ONLINE! ***###
[SrunClient CUGB] ###*** ALREADY ONLINE! ***###
[SrunClient CUGB] ###*** ALREADY ONLINE! ***###
[SrunClient CUGB] ###*** ALREADY ONLINE! ***###
[SrunClient CUGB] ###*** ALREADY ONLINE! ***###
[SrunClient CUGB] ###*** ALREADY ONLINE! ***###
[SrunClient CUGB] ###*** ALREADY ONLINE! ***###
[SrunClient CUGB] ###*** ALREADY ONLINE! ***###
[SrunClient CUGB] ###*** ALREADY ONLINE! ***###
[SrunClient CUGB] ###*** ALREADY ONLINE! ***###
[SrunClient CUGB] ###*** ALREADY ONLINE! ***###
[SrunClient CUGB] ###*** ALREADY ONLINE! ***###
[SrunClient CUGB] ###*** ALREADY ONLINE! ***###
[SrunClient CUGB] ###*** ALREADY ONLINE! ***###
[SrunClient CUGB] ###*** ALREADY ONLINE! ***###
[SrunClient CUGB] ###*** ALREADY ONLINE! ***###
[SrunClient CUGB] ###*** ALREADY ONLINE! ***###
[SrunClient CUGB] ###*** ALREADY ONLINE! ***###
[SrunClient CUGB] ###*** ALREADY ONLINE! ***###
[SrunClient CUGB] ###*** ALREADY ONLINE! ***###
[SrunClient CUGB] ###*** ALREADY ONLINE! ***###
[SrunClient CUGB] ###*** ALREADY ONLINE! ***###
[SrunClient CUGB] ###*** ALREADY ONLINE! ***###
[SrunClient CUGB] ###*** ALREADY ONLINE! ***###
[SrunClient CUGB] ###*** ALREADY ONLINE! ***###
[SrunClient CUGB] ###*** ALREADY ONLINE! ***###
[SrunClient CUGB] ###*** ALREADY ONLINE! ***###
[SrunClient CUGB] ###*** ALREADY ONLINE! ***###
[SrunClient CUGB] ###*** ALREADY ONLINE! ***###
[SrunClient CUGB] ###*** ALREADY ONLINE! ***###
[SrunClient CUGB] ###*** ALREADY ONLINE! ***###
[SrunClient CUGB] ###*** ALREADY ONLINE! ***###
[SrunClient CUGB] ###*** ALREADY ONLINE! ***###
[SrunClient CUGB] ###*** ALREADY ONLINE! ***###
[SrunClient CUGB] ###*** ALREADY ONLINE! ***###
[SrunClient CUGB] ###*** ALREADY ONLINE! ***###
[SrunClient CUGB] ###*** ALREADY ONLINE! ***###
[SrunClient CUGB] ###*** ALREADY ONLINE! ***###
[SrunClient CUGB] ###*** ALREADY ONLINE! ***###
[SrunClient CUGB] ###*** ALREADY ONLINE! ***###
[SrunClient CUGB] ###*** ALREADY ONLINE! ***###
[SrunClient CUGB] ###*** ALREADY ONLINE! ***###
[SrunClient CUGB] ###*** ALREADY ONLINE! ***###
[SrunClient CUGB] ###*** ALREADY ONLINE! ***###
[SrunClient CUGB] ###*** ALREADY ONLINE! ***###
[SrunClient CUGB] ###*** ALREADY ONLINE! ***###
[SrunClient CUGB] ###*** ALREADY ONLINE! ***###
[SrunClient CUGB] ###*** ALREADY ONLINE! ***###
[SrunClient CUGB] ###*** ALREADY ONLINE! ***###
[SrunClient CUGB] ###*** ALREADY ONLINE! ***###
[SrunClient CUGB] ###*** ALREADY ONLINE! ***###
[SrunClient CUGB] ###*** ALREADY ONLINE! ***###
[SrunClient CUGB] ###*** ALREADY ONLINE! ***###
[SrunClient CUGB] ###*** ALREADY ONLINE! ***###
[SrunClient CUGB] ###*** ALREADY ONLINE! ***###
[SrunClient CUGB] ###*** ALREADY ONLINE! ***###
[SrunClient CUGB] ###*** ALREADY ONLINE! ***###
[SrunClient CUGB] ###*** ALREADY ONLINE! ***###
[SrunClient CUGB] ###*** ALREADY ONLINE! ***###
[SrunClient CUGB] ###*** ALREADY ONLINE! ***###
[SrunClient CUGB] ###*** ALREADY ONLINE! ***###
[SrunClient CUGB] ###*** ALREADY ONLINE! ***###
[SrunClient CUGB] ###*** ALREADY ONLINE! ***###
[SrunClient CUGB] ###*** ALREADY ONLINE! ***###
[SrunClient CUGB] ###*** ALREADY ONLINE! ***###
[SrunClient CUGB] ###*** ALREADY ONLINE! ***###
[SrunClient CUGB] ###*** ALREADY ONLINE! ***###
[SrunClient CUGB] ###*** ALREADY ONLINE! ***###
[SrunClient CUGB] ###*** ALREADY ONLINE! ***###
[SrunClient CUGB] ###*** ALREADY ONLINE! ***###
[SrunClient CUGB] ###*** ALREADY ONLINE! ***###
[SrunClient CUGB] ###*** ALREADY ONLINE! ***###
[SrunClient CUGB] ###*** ALREADY ONLINE! ***###
[SrunClient CUGB] ###*** ALREADY ONLINE! ***###
[SrunClient CUGB] ###*** ALREADY ONLINE! ***###
[SrunClient CUGB] ###*** ALREADY ONLINE! ***###
[SrunClient CUGB] ###*** ALREADY ONLINE! ***###
[SrunClient CUGB] ###*** ALREADY ONLINE! ***###
[SrunClient CUGB] ###*** ALREADY ONLINE! ***###
[SrunClient CUGB] ###*** ALREADY ONLINE! ***###
[SrunClient CUGB] ###*** ALREADY ONLINE! ***###
[SrunClient CUGB] ###*** ALREADY ONLINE! ***###
[SrunClient CUGB] ###*** ALREADY ONLINE! ***###
[SrunClient CUGB] ###*** ALREADY ONLINE! ***###
[SrunClient CUGB] ###*** ALREADY ONLINE! ***###
[SrunClient CUGB] ###*** ALREADY ONLINE! ***###
[SrunClient CUGB] ###*** ALREADY ONLINE! ***###
[SrunClient CUGB] ###*** ALREADY ONLINE! ***###
[SrunClient CUGB] ###*** ALREADY ONLINE! ***###
[SrunClient CUGB] ###*** ALREADY ONLINE! ***###
[SrunClient CUGB] ###*** ALREADY ONLINE! ***###
[SrunClient CUGB] ###*** ALREADY ONLINE! ***###
[SrunClient CUGB] ###*** ALREADY ONLINE! ***###
[SrunClient CUGB] ###*** ALREADY ONLINE! ***###
[SrunClient CUGB] ###*** ALREADY ONLINE! ***###
[SrunClient CUGB] ###*** ALREADY ONLINE! ***###
[SrunClient CUGB] ###*** ALREADY ONLINE! ***###
[SrunClient CUGB] ###*** ALREADY ONLINE! ***###
[SrunClient CUGB] ###*** ALREADY ONLINE! ***###
[SrunClient CUGB] ###*** ALREADY ONLINE! ***###
[SrunClient CUGB] ###*** ALREADY ONLINE! ***###
[SrunClient CUGB] ###*** ALREADY ONLINE! ***###
[SrunClient CUGB] ###*** ALREADY ONLINE! ***###
[SrunClient CUGB] ###*** ALREADY ONLINE! ***###
[SrunClient CUGB] ###*** ALREADY ONLINE! ***###
[SrunClient CUGB] ###*** ALREADY ONLINE! ***###
[SrunClient CUGB] ###*** ALREADY ONLINE! ***###
[SrunClient CUGB] ###*** ALREADY ONLINE! ***###
[SrunClient CUGB] ###*** ALREADY ONLINE! ***###
[SrunClient CUGB] ###*** ALREADY ONLINE! ***###
[SrunClient CUGB] ###*** ALREADY ONLINE! ***###
[SrunClient CUGB] ###*** ALREADY ONLINE! ***###
[SrunClient CUGB] ###*** ALREADY ONLINE! ***###
[SrunClient CUGB] ###*** ALREADY ONLINE! ***###
[SrunClient CUGB] ###*** ALREADY ONLINE! ***###
